+---------------------+----------------------------+----------------------------+----------------------------+----------------------------+----------------------------+----------------------------+
|                     | esp32-ntp-server           | timepi                     | fritz.box                  | de.pool.ntp.org            | time.google.com            | time.cloudflare.com        |
+=====================+============================+============================+============================+============================+============================+============================+
| offset              | 24.054050 ms               | 47.049046 ms               | 26.165009 ms               | 25.930405 ms               | 25.985241 ms               | 26.326180 ms               |
| ((T2-T1)+(T3-T4))/2 |                            |                            |                            |                            |                            |                            |
+---------------------+----------------------------+----------------------------+----------------------------+----------------------------+----------------------------+----------------------------+
| precision           | -20 (0.000000954 s)        | -23 (0.000000119 s)        | -23 (0.000000119 s)        | -25 (0.000000030 s)        | -20 (0.000000954 s)        | -26 (0.000000015 s)        |
+---------------------+----------------------------+----------------------------+----------------------------+----------------------------+----------------------------+----------------------------+
| orig_time (T1)      | 2026-07-24 19:18:40.376105 | 2026-07-24 19:18:40.379712 | 2026-07-24 19:18:40.432048 | 2026-07-24 19:18:40.437986 | 2026-07-24 19:18:40.466860 | 2026-07-24 19:18:40.520249 |
| TS send client      |                            |                            |                            |                            |                            |                            |
+---------------------+----------------------------+----------------------------+----------------------------+----------------------------+----------------------------+----------------------------+
| recv_time (T2)      | 2026-07-24 19:18:40.400627 | 2026-07-24 19:18:40.450861 | 2026-07-24 19:18:40.459469 | 2026-07-24 19:18:40.476799 | 2026-07-24 19:18:40.508711 | 2026-07-24 19:18:40.557247 |
| TS recv server      |                            |                            |                            |                            |                            |                            |
+---------------------+----------------------------+----------------------------+----------------------------+----------------------------+----------------------------+----------------------------+
| tx_time (T3)        | 2026-07-24 19:18:40.400660 | 2026-07-24 19:18:40.451031 | 2026-07-24 19:18:40.459848 | 2026-07-24 19:18:40.476832 | 2026-07-24 19:18:40.508711 | 2026-07-24 19:18:40.557338 |
| TS send server      |                            |                            |                            |                            |                            |                            |
+---------------------+----------------------------+----------------------------+----------------------------+----------------------------+----------------------------+----------------------------+
| dest_time (t4)      | 2026-07-24 19:18:40.377074 | 2026-07-24 19:18:40.428082 | 2026-07-24 19:18:40.434938 | 2026-07-24 19:18:40.463784 | 2026-07-24 19:18:40.498591 | 2026-07-24 19:18:40.541683 |
| TS recv client      |                            |                            |                            |                            |                            |                            |
+---------------------+----------------------------+----------------------------+----------------------------+----------------------------+----------------------------+----------------------------+
| ref_time            | 2026-07-24 19:18:40.400646 | 2026-07-24 19:18:22.187168 | 2026-07-24 19:10:56.598701 | 2026-07-24 19:13:18.966259 | 2026-07-24 19:18:40.508711 | 2026-07-24 19:17:57.589905 |
| last sync. server   |                            |                            |                            |                            |                            |                            |
+---------------------+----------------------------+----------------------------+----------------------------+----------------------------+----------------------------+----------------------------+
| leap                | no warning                 | no warning                 | no warning                 | no warning                 | no warning                 | no warning                 |
+---------------------+----------------------------+----------------------------+----------------------------+----------------------------+----------------------------+----------------------------+
| mode                | server                     | server                     | server                     | server                     | server                     | server                     |
+---------------------+----------------------------+----------------------------+----------------------------+----------------------------+----------------------------+----------------------------+
| poll                | 6                          | 0                          | 0                          | 0                          | 0                          | 0                          |
+---------------------+----------------------------+----------------------------+----------------------------+----------------------------+----------------------------+----------------------------+
| version             | 4                          | 4                          | 4                          | 4                          | 4                          | 4                          |
+---------------------+----------------------------+----------------------------+----------------------------+----------------------------+----------------------------+----------------------------+
| delay (RTT)         | 0.935555 ms                | 48.200607 ms               | 2.511024 ms                | 25.764465 ms               | 31.731606 ms               | 21.343231 ms               |
| (T4- T1)-(T3-T2)    |                            |                            |                            |                            |                            |                            |
+---------------------+----------------------------+----------------------------+----------------------------+----------------------------+----------------------------+----------------------------+
| root_delay          | 0.000000 ms                | 0.015259 ms                | 28.579712 ms               | 4.241943 ms                | 0.000000 ms                | 8.193970 ms                |
+---------------------+----------------------------+----------------------------+----------------------------+----------------------------+----------------------------+----------------------------+
| root_dispersion     | 0.000000 ms                | 0.030518 ms                | 0.991821 ms                | 0.595093 ms                | 0.091553 ms                | 0.152588 ms                |
+---------------------+----------------------------+----------------------------+----------------------------+----------------------------+----------------------------+----------------------------+
| ref_id              | PPS                        | PPS                        | 134.60.1.27                | 141.144.246.224            | GOOG                       | 10.161.8.4                 |
+---------------------+----------------------------+----------------------------+----------------------------+----------------------------+----------------------------+----------------------------+
| stratum             | primary reference (1)      | primary reference (1)      | secondary reference (3)    | secondary reference (4)    | primary reference (1)      | secondary reference (3)    |
+---------------------+----------------------------+----------------------------+----------------------------+----------------------------+----------------------------+----------------------------+
